// Jest Snapshot v1, https://goo.gl/fbAQLP

exports[`DoctorInfo component renders the component 1`] = `
<div>
  <p
    class="doctor-info"
  >
    Dra. Mariana Machoski
    , 
    CRM/SC 35098
    , 
    RQE/SC 23991
     - Email: 
    marianamachoski@gmail.com
     - Instagram: 
    @marimachoski
  </p>
</div>
`;
