// Jest Snapshot v1, https://goo.gl/fbAQLP

exports[`Videonasoescopia page (Server-side) renders the page 1`] = `
<div>
  <h1
    class="exam-title"
  >
    Videonasoescopia
  </h1>
  <form>
    <fieldset>
      <h2
        class="exam-section-title"
      >
        Cavidade Nasal
      </h2>
      <ul
        class="exam-item-list"
      >
        <li
          class="exam-item"
          data-testid="nasal-cavity-nasal-septum-container"
        >
          <label
            for="nasal-cavity-nasal-septum"
          >
            Septo nasal
          </label>
          <textarea
            data-testid="nasal-cavity-nasal-septum"
            id="nasal-cavity-nasal-septum"
            rows="2"
          >
            com desvio para direita, com esporão ósseo associado, parcialmente obstrutivo
          </textarea>
        </li>
        <li
          class="exam-item"
          data-testid="nasal-cavity-middle-turbinates-container"
        >
          <label
            for="nasal-cavity-middle-turbinates"
          >
            Cornetos médios
          </label>
          <textarea
            data-testid="nasal-cavity-middle-turbinates"
            id="nasal-cavity-middle-turbinates"
            rows="1"
          >
            normotróficos
          </textarea>
        </li>
        <li
          class="exam-item"
          data-testid="nasal-cavity-inferior-turbinates-container"
        >
          <label
            for="nasal-cavity-inferior-turbinates"
          >
            Cornetos inferiores
          </label>
          <textarea
            data-testid="nasal-cavity-inferior-turbinates"
            id="nasal-cavity-inferior-turbinates"
            rows="1"
          >
            hipertróficos
          </textarea>
        </li>
        <li
          class="exam-item"
          data-testid="nasal-cavity-secretion-container"
        >
          <label
            for="nasal-cavity-secretion"
          >
            Secreção
          </label>
          <textarea
            data-testid="nasal-cavity-secretion"
            id="nasal-cavity-secretion"
            rows="1"
          >
            aquosa
          </textarea>
        </li>
        <li
          class="exam-item"
          data-testid="nasal-cavity-mucosa-container"
        >
          <label
            for="nasal-cavity-mucosa"
          >
            Mucosa
          </label>
          <textarea
            data-testid="nasal-cavity-mucosa"
            id="nasal-cavity-mucosa"
            rows="1"
          >
            pálida
          </textarea>
        </li>
        <li
          class="exam-item non-printable"
          data-testid="nasal-cavity-comments-container"
        >
          <textarea
            class="exam-item-double"
            data-testid="nasal-cavity-comments"
            id="nasal-cavity-comments"
            placeholder="Observações"
            rows="1"
          />
        </li>
      </ul>
    </fieldset>
    <fieldset>
      <h2
        class="exam-section-title"
      >
        Rinofaringe
      </h2>
      <ul
        class="exam-item-list"
      >
        <li
          class="exam-item"
          data-testid="rhinopharynx-mucosa-container"
        >
          <label
            for="rhinopharynx-mucosa"
          >
            Mucosa
          </label>
          <textarea
            data-testid="rhinopharynx-mucosa"
            id="rhinopharynx-mucosa"
            rows="1"
          >
            normal
          </textarea>
        </li>
        <li
          class="exam-item"
          data-testid="rhinopharynx-meatus-container"
        >
          <label
            for="rhinopharynx-meatus"
          >
            Meatos
          </label>
          <textarea
            data-testid="rhinopharynx-meatus"
            id="rhinopharynx-meatus"
            rows="1"
          >
            pérvios
          </textarea>
        </li>
        <li
          class="exam-item"
          data-testid="rhinopharynx-tubal-ostia-container"
        >
          <label
            for="rhinopharynx-tubal-ostia"
          >
            Óstios tubários
          </label>
          <textarea
            data-testid="rhinopharynx-tubal-ostia"
            id="rhinopharynx-tubal-ostia"
            rows="1"
          >
            visualidados bilateralmente e pérvios
          </textarea>
        </li>
        <li
          class="exam-item"
          data-testid="rhinopharynx-velopharyngeal-function-container"
        >
          <label
            for="rhinopharynx-velopharyngeal-function"
          >
            Função velofaringea
          </label>
          <textarea
            data-testid="rhinopharynx-velopharyngeal-function"
            id="rhinopharynx-velopharyngeal-function"
            rows="1"
          >
            preservada
          </textarea>
        </li>
        <li
          class="exam-item"
          data-testid="rhinopharynx-injuries-container"
        >
          <textarea
            aria-label="Lesões"
            class="exam-item-double"
            data-testid="rhinopharynx-injuries"
            id="rhinopharynx-injuries"
            rows="1"
          >
            Ausência de lesões
          </textarea>
        </li>
        <li
          class="exam-item non-printable"
          data-testid="rhinopharynx-comments-container"
        >
          <textarea
            class="exam-item-double"
            data-testid="rhinopharynx-comments"
            id="rhinopharynx-comments"
            placeholder="Observações"
            rows="1"
          />
        </li>
      </ul>
    </fieldset>
    <fieldset
      data-testid="conclusion-container"
    >
      <h2
        class="exam-section-title"
      >
        Conclusão
      </h2>
      <ul
        class="exam-item-list"
      >
        <li
          class="exam-item"
        >
          <textarea
            aria-label="Conclusão"
            class="exam-item-double"
            data-testid="conclusion"
            id="conclusion"
            rows="5"
          />
        </li>
      </ul>
    </fieldset>
  </form>
</div>
`;
